[backblue.gif]
[fade.gif]
[index.html]
[aff.angazny.com/index.html]
[aff.angazny.com/login/login140f.html]
[aff.angazny.com/login/index.html]
[aff.angazny.com/login/node_modules/bootstrap/dist/css/bootstrap.min.css]
[use.fontawesome.com/releases/v5.8.1/css/all.css]
[aff.angazny.com/login/css/call-styles.css]
[aff.angazny.com/login/forgot_password.html]
[aff.angazny.com/login/login140f.html]
[aff.angazny.com/login/img/shark.svg]
[aff.angazny.com/login/signup.html]
[aff.angazny.com/login/node_modules/bootstrap/dist/css/bootstrap.min.css]
[use.fontawesome.com/releases/v5.8.1/css/all.css]
[aff.angazny.com/login/images/backdround.jpg]
[aff.angazny.com/login/css/call-styles.css]
[use.fontawesome.com/releases/v5.8.2/css/all.css]
[aff.angazny.com/login/css/call-styles2.css]
[aff.angazny.com/login/node_modules/jquery/dist/jquery.min.js]
[aff.angazny.com/login/node_modules/bootstrap/dist/js/bootstrap.min.js]
[www.google.com/recaptcha/api3b36.js]
[aff.angazny.com/login/forgot_password.html]
[aff.angazny.com/login/signup.html]
[use.fontawesome.com/releases/v5.8.2/css/all.css]
[aff.angazny.com/login/css/call-styles2.css]
